#day 1
language error: treating number as string

#day 3:
language error: treating dict key as char
implementation error: treating nested list as simple list
logic error: looping the array only over the columns to get the most elements which have the most common bit at i-th column

#day 4:
logic error: function without return led to subscribing Nonetype
